python : F
At line:1 char:1
+ python verify_app.py > test_output.txt 2>&1
+ ~~~~~~~~~~~~~~~~~~~~~~~~~~~~~~~~~~~~~~~~~~~
    + CategoryInfo          : NotSpecified: (F:String) [], RemoteException
    + FullyQualifiedErrorId : NativeCommandError
 
======================================================================
FAIL: test_full_workflow (__main__.TrekoraIntegrationTest.test_full_workflow)
----------------------------------------------------------------------
Traceback (most recent call last):
  File "C:\Users\jayas\Downloads\23f2004869-MAD1-Project-Trekking Management App V1\verify_app.py", line 101, in 
test_full_workflow
    self.assertIn(b'New trek route created successfully', response.data)
    ~~~~~~~~~~~~~^^^^^^^^^^^^^^^^^^^^^^^^^^^^^^^^^^^^^^^^^^^^^^^^^^^^^^^
AssertionError: b'New trek route created successfully' not found in b'<!DOCTYPE html>\n<html lang="en">\n<head>\n    
<meta charset="UTF-8">\n    <meta name="viewport" content="width=device-width, initial-scale=1.0">\n    <title>Admin 
Dashboard - Trekora</title>\n    <!-- Bootstrap CSS -->\n    <link 
href="https://cdn.jsdelivr.net/npm/bootstrap@5.3.0/dist/css/bootstrap.min.css" rel="stylesheet">\n    <!-- Custom 
Neobrutalist CSS -->\n    <link rel="stylesheet" href="/static/css/style.css">\n</head>\n<body>\n    <!-- Navbar -->\n 
   <nav class="navbar navbar-expand-lg neo-navbar">\n        <div class="container">\n            <a class="neo-brand" 
href="/">\n                <span class="bg-yellow border border-3 border-dark px-2 py-1 me-1 d-inline-block" 
style="transform: rotate(-2deg); font-weight: 800; border-radius: 4px; box-shadow: 2px 2px 0 
var(--black);">TREK</span><span class="bg-blue border border-3 border-dark px-2 py-1 d-inline-block" style="transform: 
rotate(3deg); font-weight: 800; border-radius: 4px; box-shadow: 2px 2px 0 var(--black);">ORA</span>\n            
</a>\n            <button class="navbar-toggler" type="button" data-bs-toggle="collapse" data-bs-target="#navbarNav" 
aria-controls="navbarNav" aria-expanded="false" aria-label="Toggle navigation" style="border: 3px solid var(--black); 
box-shadow: 2px 2px 0 var(--black);">\n                <span class="navbar-toggler-icon"></span>\n            
</button>\n            <div class="collapse navbar-collapse" id="navbarNav">\n                <ul class="navbar-nav 
ms-auto align-items-lg-center gap-2 mt-3 mt-lg-0">\n                    \n                        <li 
class="nav-item">\n                            <span class="fw-bold me-2">Hi, System Admin!</span>\n                   
         <span class="neo-badge bg-purple">admin</span>\n                        </li>\n                        <li 
class="nav-item">\n                            \n                                <a class="nav-link" 
href="/admin">Dashboard</a>\n                            \n                        </li>\n                        <li 
class="nav-item">\n                            <a class="neo-btn neo-btn-danger py-1 px-3" href="/logout">Logout</a>\n 
                       </li>\n                    \n                </ul>\n            </div>\n        </div>\n    
</nav>\n\n    <!-- Content Area -->\n    <div class="container mt-4 flex-grow-1">\n        <!-- Flash Messages -->\n   
     \n            \n                \n                    \n                    <div class="neo-alert bg-green 
alert-dismissible fade show d-flex justify-content-between align-items-center" role="alert">\n                        
<span>New trek created successfully!</span>\n                        <button type="button" class="btn-close" 
data-bs-dismiss="alert" aria-label="Close"></button>\n                    </div>\n                \n            \n     
   \n\n        \n<div class="row">\n    <!-- Sidebar navigation tab triggers -->\n    <div class="col-md-3 mb-4">\n    
    <div class="neo-box bg-white">\n            <h4 class="mb-3 text-center"><span class="neo-badge bg-yellow">Admin 
Menu</span></h4>\n            <div class="d-flex flex-column gap-2">\n                <a href="/admin?tab=dashboard" 
class="neo-btn  w-100 justify-content-start">\xf0\x9f\x93\x8a Dashboard</a>\n                <a 
href="/admin?tab=treks" class="neo-btn neo-btn-primary w-100 justify-content-start">\xf0\x9f\xa5\xbe Manage 
Treks</a>\n                <a href="/admin?tab=staff" class="neo-btn  w-100 
justify-content-start">\xf0\x9f\xa7\x91\xe2\x80\x8d\xf0\x9f\x92\xbc Manage Staff</a>\n                <a 
href="/admin?tab=users" class="neo-btn  w-100 justify-content-start">\xf0\x9f\x91\xa5 Manage Users</a>\n               
 <a href="/admin?tab=search" class="neo-btn  w-100 justify-content-start">\xf0\x9f\x94\x8d Search System</a>\n         
   </div>\n        </div>\n    </div>\n\n    <!-- Main Content Area -->\n    <div class="col-md-9">\n        \n        
    <!-- TAB CONTENTS -->\n            \n\n            \n                <!-- MANAGE TREKS -->\n                <div 
class="d-flex justify-content-between align-items-center mb-4">\n                    <h3><span class="neo-badge 
bg-purple">Manage Treks</span></h3>\n                    <button class="neo-btn neo-btn-success" type="button" 
data-bs-toggle="collapse" data-bs-target="#addNewTrekForm" aria-expanded="false" aria-controls="addNewTrekForm">\n     
                   + Add New Trek\n                    </button>\n                </div>\n\n                <!-- 
COLLAPSIBLE ADD TREK FORM -->\n                <div class="collapse mb-4" id="addNewTrekForm">\n                    
<div class="neo-box bg-white">\n                        <h4 class="mb-3">Add New Trek</h4>\n                        
<form action="/admin/trek/new" method="POST">\n                            <div class="row">\n                         
       <div class="col-md-6 neo-form-group">\n                                    <label for="name" 
class="neo-form-label">Trek Name</label>\n                                    <input type="text" id="name" name="name" 
class="neo-form-control" placeholder="Everest Base Camp" required>\n                                </div>\n           
                     <div class="col-md-6 neo-form-group">\n                                    <label for="location" 
class="neo-form-label">Location</label>\n                                    <input type="text" id="location" 
name="location" class="neo-form-control" placeholder="Nepal" required>\n                                </div>\n       
                     </div>\n                            <div class="row">\n                                <div 
class="col-md-4 neo-form-group">\n                                    <label for="difficulty" 
class="neo-form-label">Difficulty</label>\n                                    <select id="difficulty" 
name="difficulty" class="neo-form-control" style="appearance: auto;" required>\n                                       
 <option value="Easy">Easy</option>\n                                        <option 
value="Moderate">Moderate</option>\n                                        <option value="Hard">Hard</option>\n       
                             </select>\n                                </div>\n                                <div 
class="col-md-4 neo-form-group">\n                                    <label for="duration" 
class="neo-form-label">Duration (Days)</label>\n                                    <input type="number" id="duration" 
name="duration" class="neo-form-control" placeholder="12" min="1" required>\n                                </div>\n  
                              <div class="col-md-4 neo-form-group">\n                                    <label 
for="slots" class="neo-form-label">Total Slots</label>\n                                    <input type="number" 
id="slots" name="slots" class="neo-form-control" placeholder="20" min="1" required>\n                                
</div>\n                            </div>\n                            <div class="row">\n                            
    <div class="col-md-6 neo-form-group">\n                                    <label for="start_date" 
class="neo-form-label">Start Date</label>\n                                    <input type="date" id="start_date" 
name="start_date" class="neo-form-control" required>\n                                </div>\n                         
       <div class="col-md-6 neo-form-group">\n                                    <label for="end_date" 
class="neo-form-label">End Date</label>\n                                    <input type="date" id="end_date" 
name="end_date" class="neo-form-control" required>\n                                </div>\n                           
 </div>\n                            <div class="row">\n                                <div class="col-md-6 
neo-form-group">\n                                    <label for="staff" class="neo-form-label">Assign Staff</label>\n 
                                   <select id="staff" name="staff_id" class="neo-form-control" style="appearance: 
auto;">\n                                        <option value="">-- Unassigned --</option>\n                          
              \n                                            <option value="2">Vikas Singh (vikas@mail.com)</option>\n  
                                      \n                                    </select>\n                                
</div>\n                                <div class="col-md-6 neo-form-group">\n                                    
<label for="status" class="neo-form-label">Status</label>\n                                    <select id="status" 
name="status" class="neo-form-control" style="appearance: auto;" required>\n                                        
<option value="Pending">Pending</option>\n                                        <option 
value="Approved">Approved</option>\n                                        <option value="Open">Open</option>\n       
                                 <option value="Closed">Closed</option>\n                                    
</select>\n                                </div>\n                            </div>\n                            
<div class="neo-form-group">\n                                <label for="description" 
class="neo-form-label">Description</label>\n                                <textarea id="description" 
name="description" rows="3" class="neo-form-control" placeholder="Provide trek highlights..."></textarea>\n            
                </div>\n                            <button type="submit" class="neo-btn neo-btn-success mt-2">Create 
Trek</button>\n                        </form>\n                    </div>\n                </div>\n\n                
<!-- TREK LIST -->\n                <div class="neo-box bg-white">\n                    \n                        <div 
class="neo-table-container">\n                            <table class="neo-table">\n                                
<thead>\n                                    <tr>\n                                        <th>ID</th>\n               
                         <th>Trek Name</th>\n                                        <th>Location</th>\n               
                         <th>Difficulty</th>\n                                        <th>Slots (Avail)</th>\n         
                               <th>Staff</th>\n                                        <th>Status</th>\n               
                         <th>Actions</th>\n                                    </tr>\n                                
</thead>\n                                <tbody>\n                                    \n                              
          <tr>\n                                            <td>1</td>\n                                            
<td>Everest Base Camp</td>\n                                            <td>Nepal</td>\n                               
             <td><span class="neo-badge bg-white">Hard</span></td>\n                                            <td>20 
(20)</td>\n                                            <td>\n                                                \n        
                                            Vikas Singh\n                                                \n            
                                </td>\n                                            <td>\n                              
                  <span class="neo-badge badge-approved">Approved</span>\n                                            
</td>\n                                            <td>\n                                                <div 
class="d-flex gap-1">\n                                                    <a href="/admin?edit=1" class="neo-btn 
bg-blue py-1 px-2 text-decoration-none">\xe2\x9c\x8f\xef\xb8\x8f</a>\n                                                 
   <a href="/admin/trek/delete/1" class="neo-btn bg-pink py-1 px-2 text-decoration-none" onclick="return confirm(\'Are 
you sure you want to delete this trek?\');">\xe2\x9d\x8c</a>\n                                                </div>\n 
                                           </td>\n                                        </tr>\n                      
              \n                                </tbody>\n                            </table>\n                       
 </div>\n                    \n                </div>\n            \n\n            \n\n            \n\n            \n  
      \n    </div>\n</div>\n\n    </div>\n\n    <!-- Footer -->\n    <footer class="mt-5 py-4 border-top border-3 
border-dark bg-white">\n        <div class="container d-flex flex-column flex-md-row justify-content-between 
align-items-center gap-3">\n            <div>\n                <p class="mb-1 fw-bold text-dark">Developed by: <span 
class="neo-badge bg-yellow py-1">R. Jayasree</span></p>\n                <p class="mb-0 small text-muted">IITM Student 
ID: 23f2004869 | Email: <a href="mailto:23f2004869@ds.study.iitm.ac.in" class="text-decoration-underline 
text-dark">23f2004869@ds.study.iitm.ac.in</a></p>\n            </div>\n            <div class="d-flex gap-2 
align-items-center">\n                <a href="https://www.linkedin.com/in/jayasree240306" target="_blank" 
class="neo-btn bg-blue py-1 px-3 fs-6">\xf0\x9f\x92\xbc LinkedIn</a>\n                <a href="#" class="neo-btn 
bg-pink py-1 px-3 fs-6">\xf0\x9f\x8c\x90 Portfolio (Coming Soon)</a>\n            </div>\n        </div>\n    
</footer>\n\n    <!-- Bootstrap JS (Required for collapses and dismissible alerts) -->\n    <script 
src="https://cdn.jsdelivr.net/npm/bootstrap@5.3.0/dist/js/bootstrap.bundle.min.js"></script>\n</body>\n</html>'

----------------------------------------------------------------------
Ran 1 test in 0.896s

FAILED (failures=1)
